../Core/Src/main.c:80:5:main	8	static
../Core/Src/main.c:143:6:SystemClock_Config	88	static
../Core/Src/main.c:190:13:MX_TIM1_Init	96	static
../Core/Src/main.c:265:13:MX_TIM2_Init	48	static
../Core/Src/main.c:323:13:MX_TIM3_Init	56	static
../Core/Src/main.c:372:13:MX_TIM5_Init	32	static
../Core/Src/main.c:417:13:MX_USART2_UART_Init	8	static
../Core/Src/main.c:448:13:MX_DMA_Init	16	static
../Core/Src/main.c:466:13:MX_GPIO_Init	48	static
../Core/Src/main.c:499:7:IC_Calc_Period	32	static
../Core/Src/main.c:524:6:Error_Handler	4	static,ignoring_inline_asm
